00:34:01 **** Incremental Build of configuration Debug for project ADC_Pot_PWM ****
make -j8 all 
arm-none-eabi-gcc "../Core/Src/pot_pwm.c" -mcpu=cortex-m4 -std=gnu11 -g3 -DDEBUG -DUSE_HAL_DRIVER -DSTM32F401xE -c -I../Core/Inc -I../Drivers/STM32F4xx_HAL_Driver/Inc -I../Drivers/STM32F4xx_HAL_Driver/Inc/Legacy -I../Drivers/CMSIS/Device/ST/STM32F4xx/Include -I../Drivers/CMSIS/Include -O0 -ffunction-sections -fdata-sections -Wall -fstack-usage -fcyclomatic-complexity -MMD -MP -MF"Core/Src/pot_pwm.d" -MT"Core/Src/pot_pwm.o" --specs=nano.specs -mfpu=fpv4-sp-d16 -mfloat-abi=hard -mthumb -o "Core/Src/pot_pwm.o"
arm-none-eabi-gcc -o "ADC_Pot_PWM.elf" @"objects.list"   -mcpu=cortex-m4 -T"C:\Users\Windows 10\Niloofar-stm32-Lab\fw\P4_ADC_Potentiometer\ADC_Potentiometer\STM32F401RETX_FLASH.ld" --specs=nosys.specs -Wl,-Map="ADC_Pot_PWM.map" -Wl,--gc-sections -static --specs=nano.specs -mfpu=fpv4-sp-d16 -mfloat-abi=hard -mthumb -Wl,--start-group -lc -lm -Wl,--end-group
Finished building target: ADC_Pot_PWM.elf
 
arm-none-eabi-size  ADC_Pot_PWM.elf 
arm-none-eabi-objdump -h -S ADC_Pot_PWM.elf  > "ADC_Pot_PWM.list"
   text	   data	    bss	    dec	    hex	filename
  14324	     12	   1788	  16124	   3efc	ADC_Pot_PWM.elf
Finished building: default.size.stdout
 
Finished building: ADC_Pot_PWM.list
 
00:34:06 **** Incremental Build of configuration Debug for project ADC_Pot_PWM ****
make -j8 all 
arm-none-eabi-size  ADC_Pot_PWM.elf 
   text	   data	    bss	    dec	    hex	filename
  14324	     12	   1788	  16124	   3efc	ADC_Pot_PWM.elf
Finished building: default.size.stdout
 
