19:28:28 **** Incremental Build of configuration Debug for project P3_TIM1_PWM_LED ****
make -j8 all 
arm-none-eabi-gcc "../Core/Src/main.c" -mcpu=cortex-m4 -std=gnu11 -g3 -DDEBUG -DUSE_HAL_DRIVER -DSTM32F401xE -c -I../Core/Inc -I../Drivers/STM32F4xx_HAL_Driver/Inc -I../Drivers/STM32F4xx_HAL_Driver/Inc/Legacy -I../Drivers/CMSIS/Device/ST/STM32F4xx/Include -I../Drivers/CMSIS/Include -O0 -ffunction-sections -fdata-sections -Wall -fstack-usage -fcyclomatic-complexity -MMD -MP -MF"Core/Src/main.d" -MT"Core/Src/main.o" --specs=nano.specs -mfpu=fpv4-sp-d16 -mfloat-abi=hard -mthumb -o "Core/Src/main.o"
arm-none-eabi-gcc "../Core/Src/pwm_fade.c" -mcpu=cortex-m4 -std=gnu11 -g3 -DDEBUG -DUSE_HAL_DRIVER -DSTM32F401xE -c -I../Core/Inc -I../Drivers/STM32F4xx_HAL_Driver/Inc -I../Drivers/STM32F4xx_HAL_Driver/Inc/Legacy -I../Drivers/CMSIS/Device/ST/STM32F4xx/Include -I../Drivers/CMSIS/Include -O0 -ffunction-sections -fdata-sections -Wall -fstack-usage -fcyclomatic-complexity -MMD -MP -MF"Core/Src/pwm_fade.d" -MT"Core/Src/pwm_fade.o" --specs=nano.specs -mfpu=fpv4-sp-d16 -mfloat-abi=hard -mthumb -o "Core/Src/pwm_fade.o"
arm-none-eabi-gcc -o "P3_TIM1_PWM_LED.elf" @"objects.list"   -mcpu=cortex-m4 -T"C:\Users\Windows 10\Niloofar-stm32-Lab\fw\P3_TIM1_PWM_LED\P3_TIM1_PWM_LED\STM32F401RETX_FLASH.ld" --specs=nosys.specs -Wl,-Map="P3_TIM1_PWM_LED.map" -Wl,--gc-sections -static --specs=nano.specs -mfpu=fpv4-sp-d16 -mfloat-abi=hard -mthumb -Wl,--start-group -lc -lm -Wl,--end-group
Finished building target: P3_TIM1_PWM_LED.elf
 
arm-none-eabi-size  P3_TIM1_PWM_LED.elf 
arm-none-eabi-objdump -h -S P3_TIM1_PWM_LED.elf  > "P3_TIM1_PWM_LED.list"
   text	   data	    bss	    dec	    hex	filename
  11612	     12	   1716	  13340	   341c	P3_TIM1_PWM_LED.elf
Finished building: default.size.stdout
 
Finished building: P3_TIM1_PWM_LED.list
 
19:28:32 **** Incremental Build of configuration Debug for project P3_TIM1_PWM_LED ****
make -j8 all 
arm-none-eabi-size  P3_TIM1_PWM_LED.elf 
   text	   data	    bss	    dec	    hex	filename
  11612	     12	   1716	  13340	   341c	P3_TIM1_PWM_LED.elf
Finished building: default.size.stdout
 
