22:10:43 **** Incremental Build of configuration Debug for project UART-Printf ****
make -j8 all 
arm-none-eabi-gcc "../Core/Src/main.c" -mcpu=cortex-m4 -std=gnu11 -g3 -DDEBUG -DUSE_HAL_DRIVER -DSTM32F401xE -c -I../Core/Inc -I../Drivers/STM32F4xx_HAL_Driver/Inc -I../Drivers/STM32F4xx_HAL_Driver/Inc/Legacy -I../Drivers/CMSIS/Device/ST/STM32F4xx/Include -I../Drivers/CMSIS/Include -O0 -ffunction-sections -fdata-sections -Wall -fstack-usage -fcyclomatic-complexity -MMD -MP -MF"Core/Src/main.d" -MT"Core/Src/main.o" --specs=nano.specs -mfpu=fpv4-sp-d16 -mfloat-abi=hard -mthumb -o "Core/Src/main.o"
arm-none-eabi-gcc -o "UART-Printf.elf" @"objects.list"   -mcpu=cortex-m4 -T"C:\Users\Windows 10\Niloofar-stm32-Lab\UART-Printf\STM32F401RETX_FLASH.ld" --specs=nosys.specs -Wl,-Map="UART-Printf.map" -Wl,--gc-sections -static --specs=nano.specs -mfpu=fpv4-sp-d16 -mfloat-abi=hard -mthumb -Wl,--start-group -lc -lm -Wl,--end-group
Finished building target: UART-Printf.elf
 
arm-none-eabi-size  UART-Printf.elf 
arm-none-eabi-objdump -h -S UART-Printf.elf  > "UART-Printf.list"
   text	   data	    bss	    dec	    hex	filename
   8544	     12	   1644	  10200	   27d8	UART-Printf.elf
Finished building: default.size.stdout
 
Finished building: UART-Printf.list
 
22:10:47 **** Incremental Build of configuration Debug for project UART-Printf ****
make -j8 all 
arm-none-eabi-size  UART-Printf.elf 
   text	   data	    bss	    dec	    hex	filename
   8544	     12	   1644	  10200	   27d8	UART-Printf.elf
Finished building: default.size.stdout
 
