00:13:16 **** Incremental Build of configuration Debug for project blink_LED ****
make -j8 all 
arm-none-eabi-gcc "../Core/Src/main.c" -mcpu=cortex-m4 -std=gnu11 -g3 -DDEBUG -DUSE_HAL_DRIVER -DSTM32F401xE -c -I../Core/Inc -I../Drivers/STM32F4xx_HAL_Driver/Inc -I../Drivers/STM32F4xx_HAL_Driver/Inc/Legacy -I../Drivers/CMSIS/Device/ST/STM32F4xx/Include -I../Drivers/CMSIS/Include -O0 -ffunction-sections -fdata-sections -Wall -fstack-usage -fcyclomatic-complexity -MMD -MP -MF"Core/Src/main.d" -MT"Core/Src/main.o" --specs=nano.specs -mfpu=fpv4-sp-d16 -mfloat-abi=hard -mthumb -o "Core/Src/main.o"
arm-none-eabi-gcc -o "blink_LED.elf" @"objects.list"   -mcpu=cortex-m4 -T"C:\Users\Windows 10\Niloofar-stm32-Lab\blink_LED\STM32F401RETX_FLASH.ld" --specs=nosys.specs -Wl,-Map="blink_LED.map" -Wl,--gc-sections -static --specs=nano.specs -mfpu=fpv4-sp-d16 -mfloat-abi=hard -mthumb -Wl,--start-group -lc -lm -Wl,--end-group
Finished building target: blink_LED.elf
 
arm-none-eabi-size  blink_LED.elf 
arm-none-eabi-objdump -h -S blink_LED.elf  > "blink_LED.list"
   text	   data	    bss	    dec	    hex	filename
   7856	     12	   1644	   9512	   2528	blink_LED.elf
Finished building: default.size.stdout
 
Finished building: blink_LED.list
 
00:13:35 **** Incremental Build of configuration Debug for project blink_LED ****
make -j8 all 
arm-none-eabi-size  blink_LED.elf 
   text	   data	    bss	    dec	    hex	filename
   7856	     12	   1644	   9512	   2528	blink_LED.elf
Finished building: default.size.stdout
 
